npm error Missing script: "build"
npm error
npm error To see a list of scripts, run:
npm error   npm run
npm error A complete log of this run can be found in: /Users/carlos/.npm/_logs/2026-01-19T00_21_29_275Z-debug-0.log
